<?xml version="1.0" encoding="utf-8"?>
<testsuites>
  <testsuite id="0" name="cargo test #0" package="testsuite/cargo test #0" tests="5" errors="0" failures="0" hostname="localhost" timestamp="2020-06-15T20:58:06.568821800+00:00" time="0">
    <testcase name="create_signature" classname="sharedkey" time="0" />
    <testcase name="list_tables" classname="client" time="0" />
    <testcase name="delete_tables" classname="client" time="0" />
    <testcase name="create_and_delete_table" classname="table" time="0" />
    <testcase name="create_and_delete_container" classname="blob" time="0" />
  </testsuite>
  <testsuite id="1" name="cargo test #1" package="testsuite/cargo test #1" tests="0" errors="0" failures="0" hostname="localhost" timestamp="2020-06-15T20:58:06.568821800+00:00" time="0" />
  <testsuite id="2" name="cargo test #2" package="testsuite/cargo test #2" tests="0" errors="0" failures="0" hostname="localhost" timestamp="2020-06-15T20:58:06.568821800+00:00" time="0" />
  <testsuite id="3" name="cargo test #3" package="testsuite/cargo test #3" tests="0" errors="0" failures="0" hostname="localhost" timestamp="2020-06-15T20:58:06.568821800+00:00" time="0" />
  <testsuite id="4" name="cargo test #4" package="testsuite/cargo test #4" tests="0" errors="0" failures="0" hostname="localhost" timestamp="2020-06-15T20:58:06.568821800+00:00" time="0" />
  <testsuite id="5" name="cargo test #5" package="testsuite/cargo test #5" tests="0" errors="0" failures="0" hostname="localhost" timestamp="2020-06-15T20:58:06.568821800+00:00" time="0" />
  <testsuite id="6" name="cargo test #6" package="testsuite/cargo test #6" tests="3" errors="0" failures="0" hostname="localhost" timestamp="2020-06-15T20:58:06.568821800+00:00" time="0">
    <testcase name="blob_deserialize" classname="types" time="0" />
    <testcase name="drop_deserialize" classname="types" time="0" />
    <testcase name="manifest_deserialize" classname="types" time="0" />
  </testsuite>
  <testsuite id="7" name="cargo test #7" package="testsuite/cargo test #7" tests="5" errors="0" failures="0" hostname="localhost" timestamp="2020-06-15T20:58:06.568821800+00:00" time="0">
    <testcase name="real_rolling_hash" classname="chunker" time="0" />
    <testcase name="simple_rolling_hash" classname="chunker" time="0" />
    <testcase name="chunk_bytes" classname="chunker" time="0" />
    <testcase name="block_hashes" classname="blockhash" time="0" />
    <testcase name="blob_hashes" classname="blobhash" time="0" />
  </testsuite>
  <testsuite id="8" name="cargo test #8" package="testsuite/cargo test #8" tests="0" errors="0" failures="0" hostname="localhost" timestamp="2020-06-15T20:58:06.568821800+00:00" time="0" />
  <testsuite id="9" name="cargo test #9" package="testsuite/cargo test #9" tests="0" errors="0" failures="0" hostname="localhost" timestamp="2020-06-15T20:58:06.568821800+00:00" time="0" />
  <testsuite id="10" name="cargo test #10" package="testsuite/cargo test #10" tests="0" errors="0" failures="0" hostname="localhost" timestamp="2020-06-15T20:58:06.568821800+00:00" time="0" />
  <testsuite id="11" name="cargo test #11" package="testsuite/cargo test #11" tests="0" errors="0" failures="0" hostname="localhost" timestamp="2020-06-15T20:58:06.568821800+00:00" time="0" />
  <testsuite id="12" name="cargo test #12" package="testsuite/cargo test #12" tests="0" errors="0" failures="0" hostname="localhost" timestamp="2020-06-15T20:58:06.568821800+00:00" time="0" />
</testsuites>