<?xml version="1.0" encoding="utf-8"?>
<testsuites>
  <testsuite id="0" name="cargo test #0" package="testsuite/cargo test #0" tests="6" errors="0" failures="0" hostname="localhost" timestamp="2020-06-15T20:58:06.859908500+00:00" time="0.197">
    <testcase name="tests::error_on_garbage" time="0" />
    <testcase name="tests::failded_single_suite" time="0.001" />
    <testcase name="tests::success_single_suite" time="0.001" />
    <testcase name="tests::multi_suite_success" time="0.003" />
    <testcase name="tests::az_func_regression" time="0.072" />
    <testcase name="tests::cargo_project_failure" time="0.12" />
    <system-out />
    <system-err />
  </testsuite>
</testsuites>