<?xml version="1.0" encoding="UTF-8"?>
<testsuites>
  <testsuite id="0" name="cargo test #0" package="testsuite/cargo test #0" tests="6" errors="0" failures="0" hostname="localhost" timestamp="2022-07-26T19:36:57.166823209Z" time="0.197">
    <testcase name="error_on_garbage" time="0" classname="tests" />
    <testcase name="failded_single_suite" time="0.001" classname="tests" />
    <testcase name="success_single_suite" time="0.001" classname="tests" />
    <testcase name="multi_suite_success" time="0.003" classname="tests" />
    <testcase name="az_func_regression" time="0.072" classname="tests" />
    <testcase name="cargo_project_failure" time="0.12" classname="tests" />
  </testsuite>
</testsuites>
