<?xml version="1.0" encoding="UTF-8"?>
<testsuites>
  <testsuite id="0" name="cargo test #0" package="testsuite/cargo test #0" tests="5" errors="0" failures="0" hostname="localhost" timestamp="2022-07-26T19:36:57.09543242Z" time="0.081745">
    <testcase name="error_on_garbage" time="0.0002131" classname="tests" />
    <testcase name="failded_single_suite" time="0.0005697" classname="tests" />
    <testcase name="success_single_suite" time="0.0002754" classname="tests" />
    <testcase name="multi_suite_success" time="0.0021462" classname="tests" />
    <testcase name="cargo_project_failure" time="0.0785406" classname="tests" />
  </testsuite>
</testsuites>
