<?xml version="1.0" encoding="UTF-8"?>
<testsuites>
  <testsuite id="0" name="cargo test #0" package="testsuite/cargo test #0" tests="1" errors="0" failures="0" hostname="localhost" timestamp="2022-07-26T19:36:57.329075396Z" time="0">
    <testcase name="long_execution_time" time="0" classname="tests" />
  </testsuite>
</testsuites>
